// Jest Snapshot v1, https://goo.gl/fbAQLP

exports[`App Test Render Correct 1`] = `
<div>
  Connecting....
</div>
`;
